
> trulyinvoice-frontend@1.0.0 build
> next build

   Γû▓ Next.js 14.1.0
   - Environments: .env.local
   - Experiments (use at your own risk):
     ┬╖ optimizeCss

   Creating an optimized production build ...
 Γ£ô Compiled successfully
   Linting and checking validity of types ...
   Collecting page data ...
   Generating static pages (0/23) ...
npm : 
At line:1 char:14
+ cd frontend; npm run build 
2>&1 | Out-File -FilePath 
"../build-errors ...
+              ~~~~~~~~~~~~~~~~~~
    + CategoryInfo          : No 
   tSpecified: (:String) [], Re  
  moteException
    + FullyQualifiedErrorId : Na 
   tiveCommandError
 
Error occurred prerendering page 
"/500". Read more: https://nextjs
.org/docs/messages/prerender-erro
r

Error: Cannot find module 
'critters'
Require stack:
- C:\Users\akib\Desktop\trulyinvo
ice.in\frontend\node_modules\next
\dist\compiled\next-server\pages.
runtime.prod.js
- C:\Users\akib\Desktop\trulyinvo
ice.in\frontend\.next\server\page
s\_document.js
- C:\Users\akib\Desktop\trulyinvo
ice.in\frontend\node_modules\next
\dist\server\require.js
- C:\Users\akib\Desktop\trulyinvo
ice.in\frontend\node_modules\next
\dist\server\load-components.js
- C:\Users\akib\Desktop\trulyinvo
ice.in\frontend\node_modules\next
\dist\build\utils.js
- C:\Users\akib\Desktop\trulyinvo
ice.in\frontend\node_modules\next
\dist\build\worker.js
- C:\Users\akib\Desktop\trulyinvo
ice.in\frontend\node_modules\next
\dist\compiled\jest-worker\proces
sChild.js
    at Module._resolveFilename (n
ode:internal/modules/cjs/loader:1
207:15)
    at C:\Users\akib\Desktop\trul
yinvoice.in\frontend\node_modules
\next\dist\server\require-hook.js
:55:36
    at Module._load (node:interna
l/modules/cjs/loader:1038:27)
    at Module.require (node:inter
nal/modules/cjs/loader:1289:19)
    at mod.require (C:\Users\akib
\Desktop\trulyinvoice.in\frontend
\node_modules\next\dist\server\re
quire-hook.js:65:28)
    at require (node:internal/mod
ules/helpers:182:18)
    at Object.critters (C:\Users\
akib\Desktop\trulyinvoice.in\fron
tend\node_modules\next\dist\compi
led\next-server\pages.runtime.pro
d.js:14:14403)
    at r (C:\Users\akib\Desktop\t
rulyinvoice.in\frontend\node_modu
les\next\dist\compiled\next-serve
r\pages.runtime.prod.js:14:15086)
    at C:\Users\akib\Desktop\trul
yinvoice.in\frontend\node_modules
\next\dist\compiled\next-server\p
ages.runtime.prod.js:14:9665
    at l (C:\Users\akib\Desktop\t
rulyinvoice.in\frontend\node_modu
les\next\dist\compiled\next-serve
r\pages.runtime.prod.js:14:9934)

 Γ¿» useSearchParams() should be 
wrapped in a suspense boundary 
at page "/about". Read more: http
s://nextjs.org/docs/messages/miss
ing-suspense-with-csr-bailout

Error occurred prerendering page 
"/about". Read more: https://next
js.org/docs/messages/prerender-er
ror


 Γ¿» useSearchParams() should be 
wrapped in a suspense boundary 
at page "/dashboard/pricing". 
Read more: https://nextjs.org/doc
s/messages/missing-suspense-with-
csr-bailout

Error occurred prerendering page 
"/dashboard/pricing". Read more: 
https://nextjs.org/docs/messages/
prerender-error


   Generating static pages (5/23) 

 Γ¿» useSearchParams() should be 
wrapped in a suspense boundary 
at page "/contact". Read more: ht
tps://nextjs.org/docs/messages/mi
ssing-suspense-with-csr-bailout

Error occurred prerendering page 
"/contact". Read more: https://ne
xtjs.org/docs/messages/prerender-
error


 Γ¿» useSearchParams() should be 
wrapped in a suspense boundary 
at page "/careers". Read more: ht
tps://nextjs.org/docs/messages/mi
ssing-suspense-with-csr-bailout

Error occurred prerendering page 
"/careers". Read more: https://ne
xtjs.org/docs/messages/prerender-
error


 Γ¿» useSearchParams() should be 
wrapped in a suspense boundary 
at page "/dashboard/settings". 
Read more: https://nextjs.org/doc
s/messages/missing-suspense-with-
csr-bailout

Error occurred prerendering page 
"/dashboard/settings". Read 
more: https://nextjs.org/docs/mes
sages/prerender-error


 Γ¿» useSearchParams() should be 
wrapped in a suspense boundary 
at page "/dashboard/support". 
Read more: https://nextjs.org/doc
s/messages/missing-suspense-with-
csr-bailout

Error occurred prerendering page 
"/dashboard/support". Read more: 
https://nextjs.org/docs/messages/
prerender-error


 Γ¿» useSearchParams() should be 
wrapped in a suspense boundary 
at page "/features". Read more: h
ttps://nextjs.org/docs/messages/m
issing-suspense-with-csr-bailout

Error occurred prerendering page 
"/features". Read more: https://n
extjs.org/docs/messages/prerender
-error


 Γ¿» useSearchParams() should be 
wrapped in a suspense boundary 
at page "/forgot-password". Read 
more: https://nextjs.org/docs/mes
sages/missing-suspense-with-csr-b
ailout

Error occurred prerendering page 
"/forgot-password". Read more: ht
tps://nextjs.org/docs/messages/pr
erender-error


   Generating static pages (11/23) 

 Γ¿» useSearchParams() should be 
wrapped in a suspense boundary 
at page "/404". Read more: https:
//nextjs.org/docs/messages/missin
g-suspense-with-csr-bailout

Error occurred prerendering page 
"/_not-found". Read more: https:/
/nextjs.org/docs/messages/prerend
er-error


 Γ¿» useSearchParams() should be 
wrapped in a suspense boundary 
at page "/pricing". Read more: ht
tps://nextjs.org/docs/messages/mi
ssing-suspense-with-csr-bailout

Error occurred prerendering page 
"/pricing". Read more: https://ne
xtjs.org/docs/messages/prerender-
error


 Γ¿» useSearchParams() should be 
wrapped in a suspense boundary 
at page "/login". Read more: http
s://nextjs.org/docs/messages/miss
ing-suspense-with-csr-bailout

Error occurred prerendering page 
"/login". Read more: https://next
js.org/docs/messages/prerender-er
ror


 Γ¿» useSearchParams() should be 
wrapped in a suspense boundary 
at page "/invoices". Read more: h
ttps://nextjs.org/docs/messages/m
issing-suspense-with-csr-bailout

Error occurred prerendering page 
"/invoices". Read more: https://n
extjs.org/docs/messages/prerender
-error


 Γ¿» useSearchParams() should be 
wrapped in a suspense boundary 
at page "/privacy". Read more: ht
tps://nextjs.org/docs/messages/mi
ssing-suspense-with-csr-bailout

Error occurred prerendering page 
"/privacy". Read more: https://ne
xtjs.org/docs/messages/prerender-
error


 Γ¿» useSearchParams() should be 
wrapped in a suspense boundary 
at page "/register". Read more: h
ttps://nextjs.org/docs/messages/m
issing-suspense-with-csr-bailout

Error occurred prerendering page 
"/register". Read more: https://n
extjs.org/docs/messages/prerender
-error


   Generating static pages (17/23) 

Error occurred prerendering page 
"/404". Read more: https://nextjs
.org/docs/messages/prerender-erro
r

Error: Cannot find module 
'critters'
Require stack:
- C:\Users\akib\Desktop\trulyinvo
ice.in\frontend\node_modules\next
\dist\compiled\next-server\pages.
runtime.prod.js
- C:\Users\akib\Desktop\trulyinvo
ice.in\frontend\.next\server\page
s\_document.js
- C:\Users\akib\Desktop\trulyinvo
ice.in\frontend\node_modules\next
\dist\server\require.js
- C:\Users\akib\Desktop\trulyinvo
ice.in\frontend\node_modules\next
\dist\server\load-components.js
- C:\Users\akib\Desktop\trulyinvo
ice.in\frontend\node_modules\next
\dist\build\utils.js
- C:\Users\akib\Desktop\trulyinvo
ice.in\frontend\node_modules\next
\dist\build\worker.js
- C:\Users\akib\Desktop\trulyinvo
ice.in\frontend\node_modules\next
\dist\compiled\jest-worker\proces
sChild.js
    at Module._resolveFilename (n
ode:internal/modules/cjs/loader:1
207:15)
    at C:\Users\akib\Desktop\trul
yinvoice.in\frontend\node_modules
\next\dist\server\require-hook.js
:55:36
    at Module._load (node:interna
l/modules/cjs/loader:1038:27)
    at Module.require (node:inter
nal/modules/cjs/loader:1289:19)
    at mod.require (C:\Users\akib
\Desktop\trulyinvoice.in\frontend
\node_modules\next\dist\server\re
quire-hook.js:65:28)
    at require (node:internal/mod
ules/helpers:182:18)
    at Object.critters (C:\Users\
akib\Desktop\trulyinvoice.in\fron
tend\node_modules\next\dist\compi
led\next-server\pages.runtime.pro
d.js:14:14403)
    at r (C:\Users\akib\Desktop\t
rulyinvoice.in\frontend\node_modu
les\next\dist\compiled\next-serve
r\pages.runtime.prod.js:14:15086)
    at C:\Users\akib\Desktop\trul
yinvoice.in\frontend\node_modules
\next\dist\compiled\next-server\p
ages.runtime.prod.js:14:9665
    at l (C:\Users\akib\Desktop\t
rulyinvoice.in\frontend\node_modu
les\next\dist\compiled\next-serve
r\pages.runtime.prod.js:14:9934)

 Γ¿» useSearchParams() should be 
wrapped in a suspense boundary 
at page "/". Read more: https://n
extjs.org/docs/messages/missing-s
uspense-with-csr-bailout

Error occurred prerendering page 
"/". Read more: https://nextjs.or
g/docs/messages/prerender-error


 Γ¿» useSearchParams() should be 
wrapped in a suspense boundary 
at page "/security". Read more: h
ttps://nextjs.org/docs/messages/m
issing-suspense-with-csr-bailout

Error occurred prerendering page 
"/security". Read more: https://n
extjs.org/docs/messages/prerender
-error


 Γ¿» useSearchParams() should be 
wrapped in a suspense boundary 
at page "/upload". Read more: htt
ps://nextjs.org/docs/messages/mis
sing-suspense-with-csr-bailout

Error occurred prerendering page 
"/upload". Read more: https://nex
tjs.org/docs/messages/prerender-e
rror


 Γ¿» useSearchParams() should be 
wrapped in a suspense boundary 
at page "/terms". Read more: http
s://nextjs.org/docs/messages/miss
ing-suspense-with-csr-bailout

Error occurred prerendering page 
"/terms". Read more: https://next
js.org/docs/messages/prerender-er
ror


 Γ¿» useSearchParams() should be 
wrapped in a suspense boundary 
at page "/dashboard". Read more: 
https://nextjs.org/docs/messages/
missing-suspense-with-csr-bailout

Error occurred prerendering page 
"/dashboard". Read more: https://
nextjs.org/docs/messages/prerende
r-error


 Γ£ô Generating static pages (23/23) 

> Export encountered errors on 
following paths:
	/_error: /404
	/_error: /500
	/_not-found
	/about/page: /about
	/careers/page: /careers
	/contact/page: /contact
	/dashboard/page: /dashboard
	/dashboard/pricing/page: 
/dashboard/pricing
	/dashboard/settings/page: 
/dashboard/settings
	/dashboard/support/page: 
/dashboard/support
	/features/page: /features
	/forgot-password/page: 
/forgot-password
	/invoices/page: /invoices
	/login/page: /login
	/page: /
	/pricing/page: /pricing
	/privacy/page: /privacy
	/register/page: /register
	/security/page: /security
	/terms/page: /terms
	/upload/page: /upload
